[    0.000000] Initializing cgroup subsys cpuset
[    0.000000] Initializing cgroup subsys cpu
[    0.000000] Initializing cgroup subsys cpuacct
[    0.000000] Linux version 4.4.0-66-generic (buildd@lgw01-28) (gcc version 5.4.0 20160609 (Ubuntu 5.4.0-6ubuntu1~16.04.4) ) #87-Ubuntu SMP Fri Mar 3 15:29:05 UTC 2017 (Ubuntu 4.4.0-66.87-generic 4.4.44)
[    0.000000] Command line: BOOT_IMAGE=/boot/vmlinuz-4.4.0-66-generic root=LABEL=cloudimg-rootfs ro console=tty1 console=ttyS0
[    0.000000] KERNEL supported cpus:
[    0.000000]   Intel GenuineIntel
[    0.000000]   AMD AuthenticAMD
[    0.000000]   Centaur CentaurHauls
[    0.000000] x86/fpu: xstate_offset[2]:  576, xstate_sizes[2]:  256
[    0.000000] x86/fpu: Supporting XSAVE feature 0x01: 'x87 floating point registers'
[    0.000000] x86/fpu: Supporting XSAVE feature 0x02: 'SSE registers'
[    0.000000] x86/fpu: Supporting XSAVE feature 0x04: 'AVX registers'
[    0.000000] x86/fpu: Enabled xstate features 0x7, context size is 832 bytes, using 'standard' format.
[    0.000000] x86/fpu: Using 'lazy' FPU context switches.
[    0.000000] e820: BIOS-provided physical RAM map:
[    0.000000] BIOS-e820: [mem 0x0000000000000000-0x000000000009fbff] usable
[    0.000000] BIOS-e820: [mem 0x000000000009fc00-0x000000000009ffff] reserved
[    0.000000] BIOS-e820: [mem 0x00000000000f0000-0x00000000000fffff] reserved
[    0.000000] BIOS-e820: [mem 0x0000000000100000-0x000000003ffeffff] usable
[    0.000000] BIOS-e820: [mem 0x000000003fff0000-0x000000003fffffff] ACPI data
[    0.000000] BIOS-e820: [mem 0x00000000fec00000-0x00000000fec00fff] reserved
[    0.000000] BIOS-e820: [mem 0x00000000fee00000-0x00000000fee00fff] reserved
[    0.000000] BIOS-e820: [mem 0x00000000fffc0000-0x00000000ffffffff] reserved
[    0.000000] NX (Execute Disable) protection: active
[    0.000000] SMBIOS 2.5 present.
[    0.000000] Hypervisor detected: KVM
[    0.000000] e820: last_pfn = 0x3fff0 max_arch_pfn = 0x400000000
[    0.000000] MTRR: Disabled
[    0.000000] x86/PAT: MTRRs disabled, skipping PAT initialization too.
[    0.000000] x86/PAT: Configuration [0-7]: WB  WT  UC- UC  WB  WT  UC- UC  
[    0.000000] CPU MTRRs all blank - virtualized system.
[    0.000000] found SMP MP-table at [mem 0x0009fff0-0x0009ffff] mapped at [ffff88000009fff0]
[    0.000000] Scanning 1 areas for low memory corruption
[    0.000000] RAMDISK: [mem 0x36ad8000-0x37563fff]
[    0.000000] ACPI: Early table checksum verification disabled
[    0.000000] ACPI: RSDP 0x00000000000E0000 000024 (v02 VBOX  )
[    0.000000] ACPI: XSDT 0x000000003FFF0030 00003C (v01 VBOX   VBOXXSDT 00000001 ASL  00000061)
[    0.000000] ACPI: FACP 0x000000003FFF00F0 0000F4 (v04 VBOX   VBOXFACP 00000001 ASL  00000061)
[    0.000000] ACPI: DSDT 0x000000003FFF0470 0021C8 (v02 VBOX   VBOXBIOS 00000002 INTL 20100528)
[    0.000000] ACPI: FACS 0x000000003FFF0200 000040
[    0.000000] ACPI: FACS 0x000000003FFF0200 000040
[    0.000000] ACPI: APIC 0x000000003FFF0240 00005C (v02 VBOX   VBOXAPIC 00000001 ASL  00000061)
[    0.000000] ACPI: SSDT 0x000000003FFF02A0 0001CC (v01 VBOX   VBOXCPUT 00000002 INTL 20100528)
[    0.000000] No NUMA configuration found
[    0.000000] Faking a node at [mem 0x0000000000000000-0x000000003ffeffff]
[    0.000000] NODE_DATA(0) allocated [mem 0x3ffeb000-0x3ffeffff]
[    0.000000] kvm-clock: Using msrs 4b564d01 and 4b564d00
[    0.000000] kvm-clock: cpu 0, msr 0:3ffe3001, primary cpu clock
[    0.000000] kvm-clock: using sched offset of 3032954974 cycles
[    0.000000] clocksource: kvm-clock: mask: 0xffffffffffffffff max_cycles: 0x1cd42e4dffb, max_idle_ns: 881590591483 ns
[    0.000000] Zone ranges:
[    0.000000]   DMA      [mem 0x0000000000001000-0x0000000000ffffff]
[    0.000000]   DMA32    [mem 0x0000000001000000-0x000000003ffeffff]
[    0.000000]   Normal   empty
[    0.000000]   Device   empty
[    0.000000] Movable zone start for each node
[    0.000000] Early memory node ranges
[    0.000000]   node   0: [mem 0x0000000000001000-0x000000000009efff]
[    0.000000]   node   0: [mem 0x0000000000100000-0x000000003ffeffff]
[    0.000000] Initmem setup node 0 [mem 0x0000000000001000-0x000000003ffeffff]
[    0.000000] ACPI: PM-Timer IO Port: 0x4008
[    0.000000] IOAPIC[0]: apic_id 2, version 32, address 0xfec00000, GSI 0-23
[    0.000000] ACPI: INT_SRC_OVR (bus 0 bus_irq 0 global_irq 2 dfl dfl)
[    0.000000] ACPI: INT_SRC_OVR (bus 0 bus_irq 9 global_irq 9 high level)
[    0.000000] Using ACPI (MADT) for SMP configuration information
[    0.000000] smpboot: Allowing 2 CPUs, 0 hotplug CPUs
[    0.000000] PM: Registered nosave memory: [mem 0x00000000-0x00000fff]
[    0.000000] PM: Registered nosave memory: [mem 0x0009f000-0x0009ffff]
[    0.000000] PM: Registered nosave memory: [mem 0x000a0000-0x000effff]
[    0.000000] PM: Registered nosave memory: [mem 0x000f0000-0x000fffff]
[    0.000000] e820: [mem 0x40000000-0xfebfffff] available for PCI devices
[    0.000000] Booting paravirtualized kernel on KVM
[    0.000000] clocksource: refined-jiffies: mask: 0xffffffff max_cycles: 0xffffffff, max_idle_ns: 7645519600211568 ns
[    0.000000] setup_percpu: NR_CPUS:512 nr_cpumask_bits:512 nr_cpu_ids:2 nr_node_ids:1
[    0.000000] PERCPU: Embedded 33 pages/cpu @ffff88003fc00000 s98264 r8192 d28712 u1048576
[    0.000000] PV qspinlock hash table entries: 256 (order: 0, 4096 bytes)
[    0.000000] Built 1 zonelists in Node order, mobility grouping on.  Total pages: 257913
[    0.000000] Policy zone: DMA32
[    0.000000] Kernel command line: BOOT_IMAGE=/boot/vmlinuz-4.4.0-66-generic root=LABEL=cloudimg-rootfs ro console=tty1 console=ttyS0
[    0.000000] PID hash table entries: 4096 (order: 3, 32768 bytes)
[    0.000000] Memory: 1001776K/1048120K available (8452K kernel code, 1293K rwdata, 3980K rodata, 1488K init, 1316K bss, 46344K reserved, 0K cma-reserved)
[    0.000000] SLUB: HWalign=64, Order=0-3, MinObjects=0, CPUs=2, Nodes=1
[    0.000000] Hierarchical RCU implementation.
[    0.000000] 	Build-time adjustment of leaf fanout to 64.
[    0.000000] 	RCU restricting CPUs from NR_CPUS=512 to nr_cpu_ids=2.
[    0.000000] RCU: Adjusting geometry for rcu_fanout_leaf=64, nr_cpu_ids=2
[    0.000000] NR_IRQS:33024 nr_irqs:440 16
[    0.000000] Console: colour VGA+ 80x25
[    0.000000] console [tty1] enabled
[    0.000000] console [ttyS0] enabled
[    0.000000] tsc: Detected 2494.226 MHz processor
[    8.697527] Calibrating delay loop (skipped) preset value.. 4988.45 BogoMIPS (lpj=9976904)
[    8.830449] pid_max: default: 32768 minimum: 301
[    8.876026] ACPI: Core revision 20150930
[    8.918347] ACPI: 2 ACPI AML tables successfully acquired and loaded
[    8.990714] Security Framework initialized
[    9.051967] Yama: becoming mindful.
[    9.095272] AppArmor: AppArmor initialized
[    9.155330] Dentry cache hash table entries: 131072 (order: 8, 1048576 bytes)
[    9.210698] Inode-cache hash table entries: 65536 (order: 7, 524288 bytes)
[    9.259179] Mount-cache hash table entries: 2048 (order: 2, 16384 bytes)
[    9.389143] Mountpoint-cache hash table entries: 2048 (order: 2, 16384 bytes)
[    9.522355] Initializing cgroup subsys io
[    9.602490] Initializing cgroup subsys memory
[    9.669510] Initializing cgroup subsys devices
[    9.710834] Initializing cgroup subsys freezer
[    9.754595] Initializing cgroup subsys net_cls
[    9.773809] Initializing cgroup subsys perf_event
[    9.798547] Initializing cgroup subsys net_prio
[    9.842642] Initializing cgroup subsys hugetlb
[    9.907807] Initializing cgroup subsys pids
[    9.938881] CPU: Physical Processor ID: 0
[    9.994764] CPU: Processor Core ID: 0
[   10.037610] mce: CPU supports 0 MCE banks
[   10.070597] Last level iTLB entries: 4KB 1024, 2MB 1024, 4MB 1024
[   10.119506] Last level dTLB entries: 4KB 1024, 2MB 1024, 4MB 1024, 1GB 4
[   10.122214] Freeing SMP alternatives memory: 32K (ffffffff820b9000 - ffffffff820c1000)
[   10.190201] ftrace: allocating 32123 entries in 126 pages
[   10.312595] smpboot: APIC(0) Converting physical 0 to logical package 0
[   10.365143] smpboot: Max logical packages: 1
[   10.425015] x2apic enabled
[   10.474619] Switched APIC routing to physical x2apic.
[   10.541731] ..TIMER: vector=0x30 apic1=0 pin1=2 apic2=-1 pin2=-1
[   10.757681] smpboot: CPU0: Intel(R) Core(TM) i7-4870HQ CPU @ 2.50GHz (family: 0x6, model: 0x46, stepping: 0x1)
[   10.903659] Performance Events: unsupported p6 CPU model 70 no PMU driver, software events only.
[   10.974215] KVM setup paravirtual spinlock
[   11.046914] x86: Booting SMP configuration:
[   11.098417] .... node  #0, CPUs:      #1
[   11.149913] kvm-clock: cpu 1, msr 0:3ffe3041, secondary cpu clock
[   11.170069] mce: CPU supports 0 MCE banks
[   11.191606] x86: Booted up 1 node, 2 CPUs
[   11.236036] smpboot: Total of 2 processors activated (9976.90 BogoMIPS)
[   11.298799] devtmpfs: initialized
[   11.334702] evm: security.selinux
[   11.373108] evm: security.SMACK64
[   11.398254] evm: security.SMACK64EXEC
[   11.420625] evm: security.SMACK64TRANSMUTE
[   11.438477] evm: security.SMACK64MMAP
[   11.492670] evm: security.ima
[   11.520475] evm: security.capability
[   11.550620] clocksource: jiffies: mask: 0xffffffff max_cycles: 0xffffffff, max_idle_ns: 7645041785100000 ns
[   11.703875] pinctrl core: initialized pinctrl subsystem
[   11.789065] RTC time:  3:40:43, date: 03/13/17
[   11.830240] NET: Registered protocol family 16
[   11.877773] cpuidle: using governor ladder
[   11.934552] cpuidle: using governor menu
[   11.990934] PCCT header not found.
[   12.055055] ACPI: bus type PCI registered
[   12.117268] acpiphp: ACPI Hot Plug PCI Controller Driver version: 0.5
[   12.216254] PCI: Using configuration type 1 for base access
[   12.323074] ACPI: Added _OSI(Module Device)
[   12.355081] ACPI: Added _OSI(Processor Device)
[   12.443913] ACPI: Added _OSI(3.0 _SCP Extensions)
[   12.499542] ACPI: Added _OSI(Processor Aggregator Device)
[   12.557453] ACPI: Executed 1 blocks of module-level executable AML code
[   12.594523] ACPI: Interpreter enabled
[   12.632489] ACPI: (supports S0 S5)
[   12.654465] ACPI: Using IOAPIC for interrupt routing
[   12.689339] PCI: Using host bridge windows from ACPI; if necessary, use "pci=nocrs" and report a bug
[   12.700295] ACPI: PCI Root Bridge [PCI0] (domain 0000 [bus 00-ff])
[   12.758267] acpi PNP0A03:00: _OSC: OS supports [ASPM ClockPM Segments MSI]
[   12.814941] acpi PNP0A03:00: _OSC failed (AE_NOT_FOUND); disabling ASPM
[   12.905815] acpi PNP0A03:00: fail to add MMCONFIG information, can't access extended PCI configuration space under this bridge.
[   13.039060] PCI host bridge to bus 0000:00
[   13.070806] pci_bus 0000:00: root bus resource [io  0x0000-0x0cf7 window]
[   13.103382] pci_bus 0000:00: root bus resource [io  0x0d00-0xffff window]
[   13.115306] pci_bus 0000:00: root bus resource [mem 0x000a0000-0x000bffff window]
[   13.132702] pci_bus 0000:00: root bus resource [mem 0x40000000-0xffdfffff window]
[   13.156984] pci_bus 0000:00: root bus resource [bus 00-ff]
[   13.159698] pci 0000:00:01.1: legacy IDE quirk: reg 0x10: [io  0x01f0-0x01f7]
[   13.181927] pci 0000:00:01.1: legacy IDE quirk: reg 0x14: [io  0x03f6]
[   13.185342] pci 0000:00:01.1: legacy IDE quirk: reg 0x18: [io  0x0170-0x0177]
[   13.186618] pci 0000:00:01.1: legacy IDE quirk: reg 0x1c: [io  0x0376]
[   13.226570] pci 0000:00:07.0: quirk: [io  0x4000-0x403f] claimed by PIIX4 ACPI
[   13.263491] pci 0000:00:07.0: quirk: [io  0x4100-0x410f] claimed by PIIX4 SMB
[   13.323204] ACPI: PCI Interrupt Link [LNKA] (IRQs 5 9 10 *11)
[   13.405357] ACPI: PCI Interrupt Link [LNKB] (IRQs 5 9 10 *11)
[   13.465891] ACPI: PCI Interrupt Link [LNKC] (IRQs 5 9 *10 11)
[   13.481134] ACPI: PCI Interrupt Link [LNKD] (IRQs 5 *9 10 11)
[   13.518301] ACPI: Enabled 2 GPEs in block 00 to 07
[   13.569350] vgaarb: setting as boot device: PCI:0000:00:02.0
[   13.623470] vgaarb: device added: PCI:0000:00:02.0,decodes=io+mem,owns=io+mem,locks=none
[   13.677618] vgaarb: loaded
[   13.685892] vgaarb: bridge control possible 0000:00:02.0
[   13.686918] SCSI subsystem initialized
[   13.703189] ACPI: bus type USB registered
[   13.748215] usbcore: registered new interface driver usbfs
[   13.765771] usbcore: registered new interface driver hub
[   13.769330] usbcore: registered new device driver usb
[   13.770860] PCI: Using ACPI for IRQ routing
[   13.777915] NetLabel: Initializing
[   13.805310] NetLabel:  domain hash size = 128
[   13.813258] NetLabel:  protocols = UNLABELED CIPSOv4
[   13.838271] NetLabel:  unlabeled traffic allowed by default
[   13.847683] amd_nb: Cannot enumerate AMD northbridges
[   13.886212] clocksource: Switched to clocksource kvm-clock
[   13.955496] AppArmor: AppArmor Filesystem Enabled
[   14.042940] pnp: PnP ACPI init
[   14.105311] pnp: PnP ACPI: found 3 devices
[   14.174785] clocksource: acpi_pm: mask: 0xffffff max_cycles: 0xffffff, max_idle_ns: 2085701024 ns
[   14.343537] NET: Registered protocol family 2
[   14.440484] TCP established hash table entries: 8192 (order: 4, 65536 bytes)
[   14.580019] TCP bind hash table entries: 8192 (order: 5, 131072 bytes)
[   14.600206] TCP: Hash tables configured (established 8192 bind 8192)
[   14.641761] UDP hash table entries: 512 (order: 2, 16384 bytes)
[   14.733316] UDP-Lite hash table entries: 512 (order: 2, 16384 bytes)
[   14.777196] NET: Registered protocol family 1
[   14.789117] pci 0000:00:00.0: Limiting direct PCI/PCI transfers
[   14.817993] pci 0000:00:01.0: Activating ISA DMA hang workarounds
[   14.828298] Trying to unpack rootfs image as initramfs...
[   16.512946] Freeing initrd memory: 10800K (ffff880036ad8000 - ffff880037564000)
[   16.595255] platform rtc_cmos: registered platform RTC device (no PNP device found)
[   16.688583] Scanning for low memory corruption every 60 seconds
[   16.780350] futex hash table entries: 512 (order: 3, 32768 bytes)
[   16.864783] audit: initializing netlink subsys (disabled)
[   16.917416] audit: type=2000 audit(1489376439.788:1): initialized
[   16.947615] Initialise system trusted keyring
[   16.984938] HugeTLB registered 2 MB page size, pre-allocated 0 pages
[   17.024277] zbud: loaded
[   17.031863] VFS: Disk quotas dquot_6.6.0
[   17.038949] VFS: Dquot-cache hash table entries: 512 (order 0, 4096 bytes)
[   17.075832] squashfs: version 4.0 (2009/01/31) Phillip Lougher
[   17.130705] fuse init (API version 7.23)
[   17.166383] Key type big_key registered
[   17.183971] Allocating IMA MOK and blacklist keyrings.
[   17.239196] Key type asymmetric registered
[   17.301563] Asymmetric key parser 'x509' registered
[   17.348821] Block layer SCSI generic (bsg) driver version 0.4 loaded (major 249)
[   17.434335] io scheduler noop registered
[   17.500525] io scheduler deadline registered (default)
[   17.515094] io scheduler cfq registered
[   17.557909] pci_hotplug: PCI Hot Plug PCI Core version: 0.5
[   17.579374] pciehp: PCI Express Hot Plug Controller Driver version: 0.4
[   17.594333] tsc: Refined TSC clocksource calibration: 2494.340 MHz
[   17.594335] clocksource: tsc: mask: 0xffffffffffffffff max_cycles: 0x23f45725f32, max_idle_ns: 440795273770 ns
[   17.729460] ACPI: AC Adapter [AC] (on-line)
[   17.742673] input: Power Button as /devices/LNXSYSTM:00/LNXPWRBN:00/input/input0
[   17.784994] ACPI: Power Button [PWRF]
[   17.814798] input: Sleep Button as /devices/LNXSYSTM:00/LNXSLPBN:00/input/input1
[   17.896767] ACPI: Sleep Button [SLPF]
[   17.910430] GHES: HEST is not enabled!
[   17.910702] ACPI: Battery Slot [BAT0] (battery present)
[   18.002994] Serial: 8250/16550 driver, 32 ports, IRQ sharing enabled
[   18.112492] 00:02: ttyS0 at I/O 0x3f8 (irq = 4, base_baud = 115200) is a 16550A
[   18.216956] Linux agpgart interface v0.103
[   18.272996] brd: module loaded
[   18.292330] loop: module loaded
[   18.322160] scsi host0: ata_piix
[   18.356956] scsi host1: ata_piix
[   18.398719] ata1: PATA max UDMA/33 cmd 0x1f0 ctl 0x3f6 bmdma 0xd000 irq 14
[   18.469074] ata2: PATA max UDMA/33 cmd 0x170 ctl 0x376 bmdma 0xd008 irq 15
[   18.512513] libphy: Fixed MDIO Bus: probed
[   18.556266] tun: Universal TUN/TAP device driver, 1.6
[   18.657522] tun: (C) 1999-2004 Max Krasnyansky <maxk@qualcomm.com>
[   18.672154] PPP generic driver version 2.4.2
[   18.733001] ehci_hcd: USB 2.0 'Enhanced' Host Controller (EHCI) Driver
[   18.785904] ehci-pci: EHCI PCI platform driver
[   18.802666] ehci-platform: EHCI generic platform driver
[   18.864555] ohci_hcd: USB 1.1 'Open' Host Controller (OHCI) Driver
[   18.882499] ohci-pci: OHCI PCI platform driver
[   18.920525] ohci-platform: OHCI generic platform driver
[   18.949636] uhci_hcd: USB Universal Host Controller Interface driver
[   18.978303] i8042: PNP: PS/2 Controller [PNP0303:PS2K,PNP0f03:PS2M] at 0x60,0x64 irq 1,12
[   19.031256] serio: i8042 KBD port at 0x60,0x64 irq 1
[   19.102767] serio: i8042 AUX port at 0x60,0x64 irq 12
[   19.166851] mousedev: PS/2 mouse device common for all mice
[   19.210634] input: AT Translated Set 2 keyboard as /devices/platform/i8042/serio0/input/input2
[   19.238202] rtc_cmos rtc_cmos: rtc core: registered rtc_cmos as rtc0
[   19.253691] rtc_cmos rtc_cmos: alarms up to one day, 114 bytes nvram
[   19.272929] i2c /dev entries driver
[   19.311842] device-mapper: uevent: version 1.0.3
[   19.404463] device-mapper: ioctl: 4.34.0-ioctl (2015-10-28) initialised: dm-devel@redhat.com
[   19.478818] ledtrig-cpu: registered to indicate activity on CPUs
[   19.493785] NET: Registered protocol family 10
[   19.505955] NET: Registered protocol family 17
[   19.550280] Key type dns_resolver registered
[   19.584656] microcode: CPU0 sig=0x40661, pf=0x40, revision=0x0
[   19.636215] microcode: CPU1 sig=0x40661, pf=0x40, revision=0x0
[   19.660536] microcode: Microcode Update Driver: v2.01 <tigran@aivazian.fsnet.co.uk>, Peter Oruba
[   19.732136] registered taskstats version 1
[   19.772966] Loading compiled-in X.509 certificates
[   19.803491] Loaded X.509 cert 'Build time autogenerated kernel key: 32ca4feee90b5cde51f5f8c0e024b22f8c679982'
[   19.883234] zswap: loaded using pool lzo/zbud
[   19.907669] Key type trusted registered
[   19.945849] Key type encrypted registered
[   19.978905] AppArmor: AppArmor sha1 policy hashing enabled
[   19.997828] ima: No TPM chip found, activating TPM-bypass!
[   20.006511] evm: HMAC attrs: 0x1
[   20.009800]   Magic number: 9:405:664
[   20.019964] rtc_cmos rtc_cmos: setting system clock to 2017-03-13 03:40:52 UTC (1489376452)
[   20.042435] BIOS EDD facility v0.16 2004-Jun-25, 0 devices found
[   20.048247] EDD information not available.
[   20.051821] Freeing unused kernel memory: 1488K (ffffffff81f45000 - ffffffff820b9000)
[   20.079795] Write protecting the kernel read-only data: 14336k
[   20.139979] Freeing unused kernel memory: 1776K (ffff880001844000 - ffff880001a00000)
[   20.202115] Freeing unused kernel memory: 116K (ffff880001de3000 - ffff880001e00000)
Loading, please wait...
startin[   20.338194] random: systemd-udevd: uninitialized urandom read (16 bytes read, 4 bits of entropy available)
g version 229
[   20.339430] random: udevadm: uninitialized urandom read (16 bytes read, 4 bits of entropy available)
[   20.339481] random: udevadm: uninitialized urandom read (16 bytes read, 4 bits of entropy available)
[   20.339657] random: udevadm: uninitialized urandom read (16 bytes read, 4 bits of entropy available)
[   20.339740] random: udevadm: uninitialized urandom read (16 bytes read, 4 bits of entropy available)
[   20.339868] random: udevadm: uninitialized urandom read (16 bytes read, 4 bits of entropy available)
[   20.339997] random: udevadm: uninitialized urandom read (16 bytes read, 4 bits of entropy available)
[   20.340056] random: udevadm: uninitialized urandom read (16 bytes read, 4 bits of entropy available)
[   20.340125] random: udevadm: uninitialized urandom read (16 bytes read, 4 bits of entropy available)
[   20.340162] random: udevadm: uninitialized urandom read (16 bytes read, 4 bits of entropy available)
[   21.293462] e1000: Intel(R) PRO/1000 Network Driver - version 7.3.21-k8-NAPI
[   21.384204] e1000: Copyright (c) 1999-2006 Intel Corporation.
[   21.438692] Fusion MPT base driver 3.04.20
[   21.467303] Copyright (c) 1999-2008 LSI Corporation
[   21.498237] AVX version of gcm_enc/dec engaged.
[   21.501004] AES CTR mode by8 optimization enabled
[   21.520102] Fusion MPT SPI Host driver 3.04.20
[   21.697503] input: ImExPS/2 Generic Explorer Mouse as /devices/platform/i8042/serio1/input/input4
[   21.859102] e1000 0000:00:03.0 eth0: (PCI:33MHz:32-bit) 02:0a:90:ed:0d:4f
[   21.864793] e1000 0000:00:03.0 eth0: Intel(R) PRO/1000 Network Connection
[   22.284563] e1000 0000:00:08.0 eth1: (PCI:33MHz:32-bit) 08:00:27:56:08:4e
[   22.314436] e1000 0000:00:08.0 eth1: Intel(R) PRO/1000 Network Connection
[   22.392391] e1000 0000:00:03.0 enp0s3: renamed from eth0
[   22.483478] mptbase: ioc0: Initiating bringup
[   22.558515] e1000 0000:00:08.0 enp0s8: renamed from eth1
[   22.698709] ioc0: LSI53C1030 A0: Capabilities={Initiator}
[   22.900904] scsi host2: ioc0: LSI53C1030 A0, FwRev=00000000h, Ports=1, MaxQ=256, IRQ=20
[   23.054788] scsi 2:0:0:0: Direct-Access     VBOX     HARDDISK         1.0  PQ: 0 ANSI: 5
[   23.194542] scsi target2:0:0: Beginning Domain Validation
[   23.266669] scsi target2:0:0: Domain Validation skipping write tests
[   23.381402] scsi target2:0:0: Ending Domain Validation
[   23.452996] scsi target2:0:0: asynchronous
[   23.521346] scsi 2:0:1:0: Direct-Access     VBOX     HARDDISK         1.0  PQ: 0 ANSI: 5
[   23.622450] scsi target2:0:1: Beginning Domain Validation
[   23.650883] scsi target2:0:1: Domain Validation skipping write tests
[   23.699865] scsi target2:0:1: Ending Domain Validation
[   23.747849] scsi target2:0:1: asynchronous
[   23.809678] sd 2:0:0:0: Attached scsi generic sg0 type 0
[   23.877158] sd 2:0:0:0: [sda] 20971520 512-byte logical blocks: (10.7 GB/10.0 GiB)
[   23.977609] sd 2:0:1:0: Attached scsi generic sg1 type 0
[   23.977934] sd 2:0:1:0: [sdb] 20480 512-byte logical blocks: (10.5 MB/10.0 MiB)
[   23.978073] sd 2:0:1:0: [sdb] Write Protect is off
[   23.978185] sd 2:0:1:0: [sdb] Incomplete mode parameter data
[   23.978186] sd 2:0:1:0: [sdb] Assuming drive cache: write through
[   23.979736] sd 2:0:1:0: [sdb] Attached SCSI disk
[   24.030894] sd 2:0:0:0: [sda] Write Protect is off
[   24.031065] sd 2:0:0:0: [sda] Incomplete mode parameter data
[   24.031066] sd 2:0:0:0: [sda] Assuming drive cache: write through
[   24.032855]  sda: sda1
[   24.033521] sd 2:0:0:0: [sda] Attached SCSI disk
[   24.682494] floppy0: no floppy controllers found
[   24.682533] work still pending
Begin: Loading e[   26.095162] md: linear personality registered for level -1
ssential drivers[   26.367910] md: multipath personality registered for level -4
 ... [   26.465514] md: raid0 personality registered for level 0
[   26.527255] md: raid1 personality registered for level 1
[   26.658483] raid6: sse2x1   gen() 10003 MB/s
[   26.798709] raid6: sse2x1   xor()  7503 MB/s
[   26.954301] raid6: sse2x2   gen() 11414 MB/s
[   27.046769] raid6: sse2x2   xor()  8985 MB/s
[   27.190557] raid6: sse2x4   gen() 14193 MB/s
[   27.354340] raid6: sse2x4   xor() 10346 MB/s
[   27.430968] raid6: using algorithm sse2x4 gen() 14193 MB/s
[   27.514942] raid6: .... xor() 10346 MB/s, rmw enabled
[   27.607024] raid6: using ssse3x2 recovery algorithm
[   27.731703] xor: automatically using best checksumming function:
[   27.866387]    avx       : 17980.000 MB/sec
[   27.878394] async_tx: api initialized (async)
[   27.935384] md: raid6 personality registered for level 6
[   27.972067] md: raid5 personality registered for level 5
[   27.999259] md: raid4 personality registered for level 4
[   28.022118] md: raid10 personality registered for level 10
done.
Begin: Running /scripts/init-premount ... done.
Begin: Mounting root file sys[   28.075121] Btrfs loaded
tem ... Begin: Running /scripts/local-top ... done.
Begin: Running /scripts/loc[   28.141574] EXT4-fs (sda1): mounted filesystem with ordered data mode. Opts: (null)
al-premount ... Scanning for Btrfs filesystems
done.
Warning: fsck not present, so skipping root file system
done.
Begin: Running /scripts/local-bottom ... done.
Begin: Running /scripts/init-bottom ... done.
[   28.298649] systemd[1]: systemd 229 running in system mode. (+PAM +AUDIT +SELINUX +IMA +APPARMOR +SMAKK +SYSVINIT +UTMP +LIBCRYPTSETUP +GCRYPT +GNUTLS +ACL +XZ -LZ4 +SECCOMP +BLKID +ELFUTILS +KMOD -IDN)
[   28.748968] systemd[1]: Detected virtualization oracle.
[   28.875706] systemd[1]: Detected architecture x86-64.

Welcome to [1mUbuntu 16.04.2 LTS[0m!

[   29.003076] systemd[1]: Set hostname to <ubuntu>.
[   29.092489] systemd[1]: Initializing machine ID from random generator.
[   29.207652] systemd[1]: Installed transient /etc/machine-id file.
[   29.447209] systemd[1]: Created slice System Slice.
[[0;32m  OK  [0m] Created slice System Slice.
[   29.606947] systemd[1]: Started Forward Password Requests to Wall Directory Watch.
[[0;32m  OK  [0m] Started Forward Password Requests to Wall Directory Watch.
[   29.689706] systemd[1]: Listening on udev Kernel Socket.
[[0;32m  OK  [0m] Listening on udev Kernel Socket.
[   29.762724] systemd[1]: Listening on LVM2 poll daemon socket.
[[0;32m  OK  [0m] Listening on LVM2 poll daemon socket.
[   29.902711] systemd[1]: Created slice User and Session Slice.
[[0;32m  OK  [0m] Created slice User and Session Slice.
[   30.030518] systemd[1]: Reached target Slices.
[[0;32m  OK  [0m] Reached target Slices.
[   30.126927] systemd[1]: Listening on LVM2 metadata daemon socket.
[[0;32m  OK  [0m] Listening on LVM2 metadata daemon socket.
[   30.254588] systemd[1]: Reached target Swap.
[[0;32m  OK  [0m] Reached target Swap.
[   30.354763] systemd[1]: Listening on udev Control Socket.
[[0;32m  OK  [0m] Listening on udev Control Socket.
[   30.514682] systemd[1]: Set up automount Arbitrary Executable File Formats File System Automount Point.
[[0;32m  OK  [0m] Set up automount Arbitrary Executab...ats File System Automount Point.
[   30.750943] systemd[1]: Created slice system-serial\x2dgetty.slice.
[[0;32m  OK  [0m] Created slice system-serial\x2dgetty.slice.
[   30.890420] systemd[1]: Listening on Syslog Socket.
[[0;32m  OK  [0m] Listening on Syslog Socket.
[   30.970534] systemd[1]: Listening on Device-mapper event daemon FIFOs.
[[0;32m  OK  [0m] Listening on Device-mapper event daemon FIFOs.
[   31.102528] systemd[1]: Reached target Encrypted Volumes.
[[0;32m  OK  [0m] Reached target Encrypted Volumes.
[   31.246709] systemd[1]: Listening on Journal Socket (/dev/log).
[[0;32m  OK  [0m] Listening on Journal Socket (/dev/log).
[   31.342753] systemd[1]: Listening on /dev/initctl Compatibility Named Pipe.
[[0;32m  OK  [0m] Listening on /dev/initctl Compatibility Named Pipe.
[   31.562700] systemd[1]: Listening on Journal Audit Socket.
[[0;32m  OK  [0m] Listening on Journal Audit Socket.
[   31.747363] systemd[1]: Listening on Journal Socket.
[[0;32m  OK  [0m] Listening on Journal Socket.
[   31.918689] systemd[1]: Starting Nameserver information manager...
         Starting Nameserver information manager...
[   32.086541] systemd[1]: Starting Load Kernel Modules...
         [   32.156306] Loading iSCSI transport class v2.0-870.
Starting Load Ke[   32.250046] iscsi: registered transport (tcp)
rnel Modules...[   32.357181] iscsi: registered transport (iser)

[   32.418482] systemd[1]: Starting Monitoring of LVM2 mirrors, snapshots etc. using dmeventd or progress polling...
[   32.576742] random: nonblocking pool is initialized
         Starting Monitoring of LVM2 mirrors... dmeventd or progress polling...
[   32.745906] systemd[1]: Starting Journal Service...
         Starting Journal Service...
[   32.802987] systemd[1]: Mounting Huge Pages File System...
         Mounting Huge Pages File System...
[   32.942463] systemd[1]: Starting Uncomplicated firewall...
         Starting Uncomplicated firewall...
[   33.130711] systemd[1]: Mounting POSIX Message Queue File System...
         Mounting POSIX Message Queue File System...
[   33.322793] systemd[1]: Mounting Debug File System...
         Mounting Debug File System...
[   33.510443] systemd[1]: Starting Remount Root and Kernel File Systems...
         [   33.627188] EXT4-fs (sda1): re-mounted. Opts: (null)
Starting Remount Root and Kernel File Systems...
[   33.862780] systemd[1]: Reached target User and Group Name Lookups.
[[0;32m  OK  [0m] Reached target User and Group Name Lookups.
[   34.102881] systemd[1]: Starting Set console keymap...
         Starting Set console keymap...
[   34.283155] systemd[1]: Starting Create list of required static device nodes for the current kernel...
         Starting Create list of required st... nodes for the current kernel...
[   34.614919] systemd[1]: Mounted POSIX Message Queue File System.
[[0;32m  OK  [0m] Mounted POSIX Message Queue File System.
[   34.826953] systemd[1]: Mounted Debug File System.
[[0;32m  OK  [0m] Mounted Debug File System.
[   34.950677] systemd[1]: Mounted Huge Pages File System.
[[0;32m  OK  [0m] Mounted Huge Pages File System.
[   35.025009] systemd[1]: Started Journal Service.
[[0;32m  OK  [0m] Started Journal Service.
[[0;32m  OK  [0m] Started Load Kernel Modules.
[[0;32m  OK  [0m] Started Uncomplicated firewall.
[[0;32m  OK  [0m] Started Remount Root and Kernel File Systems.
[[0;32m  OK  [0m] Started Set console keymap.
[[0;32m  OK  [0m] Started Create list of required sta...ce nodes for the current kernel.
[[0;32m  OK  [0m] Started Nameserver information manager.
[[0;32m  OK  [0m] Started LVM2 metadata daemon.
         Starting Create Static Device Nodes in /dev...
         Starting Load/Save Random Seed...
         Starting udev Coldplug all Devices...
         Starting Initial cloud-init job (pre-networking)...
         Mounting FUSE Control File System...
         Starting Apply Kernel Variables...
         Starting Flush Journal to Persistent Storage...
[[0;32m  OK  [0m] Mounted FUSE Control File System.
[[0;32m  OK  [0m] Started Create Static Device Nodes in /dev.
[[0;32m  OK  [0m] Started Load/Save Random Seed.
[[0;32m  OK  [0m] Started Apply Kernel Variables.
[[0;32m  OK  [0m] Started udev Coldplug all Devices.
[[0;32m  OK  [0m] Started Flush Journal to Persistent Storage.
         Starting udev Kernel Device Manager...
[[0;32m  OK  [0m] Started udev Kernel Device Manager.
[[0;32m  OK  [0m] Started Monitoring of LVM2 mirrors,...ng dmeventd or progress polling.
[[0;32m  OK  [0m] Found device /dev/ttyS0.
[[0;32m  OK  [0m] Reached target Local File Systems (Pre).
[[0;32m  OK  [0m] Reached target Local File Systems.
         Starting Commit a transient machine-id on disk...
         Starting LSB: AppArmor initialization...
[   23.174164] cloud-init[475]: Cloud-init v. 0.7.9 running 'init-local' at Mon, 13 Mar 2017 03:41:08 +0000. Up 22.82 seconds.
         Starting Set console font and keymap...
         Starting Tell Plymouth To Write Out Runtime Data...
         Starting Create Volatile Files and Directories...
[[0;32m  OK  [0m] Started Dispatch Password Requests to Console Directory Watch.
[[0;32m  OK  [0m] Started Commit a transient machine-id on disk.
[[0;1;31mFAILED[0m] Failed to start Set console font and keymap.
See 'systemctl status console-setup.service' for details.
[[0;32m  OK  [0m] Started Tell Plymouth To Write Out Runtime Data.
[[0;32m  OK  [0m] Started Create Volatile Files and Directories.
[[0;32m  OK  [0m] Started Initial cloud-init job (pre-networking).
[[0;32m  OK  [0m] Listening on Load/Save RF Kill Switch Status /dev/rfkill Watch.
[[0;32m  OK  [0m] Reached target Network (Pre).
[[0;32m  OK  [0m] Reached target System Time Synchronized.
         Starting Update UTMP about System Boot/Shutdown...
[[0;32m  OK  [0m] Created slice system-getty.slice.
[[0;32m  OK  [0m] Started LSB: AppArmor initialization.
[[0;32m  OK  [0m] Started Update UTMP about System Boot/Shutdown.
         Starting Raise network interfaces...
[[0;32m  OK  [0m] Started Raise network interfaces.
[[0;32m  OK  [0m] Reached target Network.
         Starting Initial cloud-init job (metadata service crawler)...
[   26.788493] cloud-init[1022]: Cloud-init v. 0.7.9 running 'init' at Mon, 13 Mar 2017 03:41:12 +0000. Up 26.37 seconds.
[   26.872782] [cloud-init[0;32m  OK  [0m[1022]: ] ci-info: +++++++++++++++++++++++++++++++++++++Net device info+++++++++++++++++++++++++++++++++++++Started Initial cloud-init job (metadata service crawler).

[   26.873455] cloud-init[1022]: ci-info: +--------+-------+--------------------------+---------------+-------+-------------------+
[   27.148818] [cloud-init[0;32m  OK  [0m[1022]: ] ci-info: | Device |   Up  |         Address          |      Mask     | Scope |     Hw-Address    |Reached target Cloud-config availability.

[[0;32m  OK  [0m] Reached target Network is Online.
[   27.149584] cloud-init[1022]: ci-info: +--------+-------+--------------------------+---------------+-------+-------------------+
[   27.404967]          cloud-initStarting iSCSI initiator daemon (iscsid)...[1022]: 
ci-info: | enp0s8 | False |            .             |       .       |   .   | 08:00:27:56:08:4e |
[   27.544747] [cloud-init[0;32m  OK  [0m[1022]: ] ci-info: |   lo   |  True |        127.0.0.1         |   255.0.0.0   |   .   |         .         |Reached target System Initialization.

[[0;32m  OK  [0m] Listening on UUID daemon activation socket.
         Starting Socket activation for snappy daemon.
[[0;32m  OK  [0m] Started Daily Cleanup of Temporary Directories.
[   27.545187] cloud-init[1022]: ci-info: |   lo   |  True |         ::1/128          |       .       |  host |         .         |
[   27.892315] [cloud-init[0;32m  OK  [0m[1022]: ] ci-info: | enp0s3 |  True |        10.0.2.15         | 255.255.255.0 |   .   | 02:0a:90:ed:0d:4f |Started Timer to automatically refresh installed snaps.

[[0;32m  OK  [0m] Started Trigger resolvconf update for networkd DNS.
[[0;32m  OK  [0m] Started Daily apt activities.
[   27.892934] cloud-init[1022]: ci-info: | enp0s3 |  True | fe80::a:90ff:feed:d4f/64 |       .       |  link | 02:0a:90:ed:0d:4f |
[   28.205892] [cloud-init[0;32m  OK  [0m[1022]: ] ci-info: +--------+-------+--------------------------+---------------+-------+-------------------+Reached target Timers.

[   28.206444]          Starting LXD - unix socket.
[[0;32m  OK  [0m] Started ACPI Events Check.
[[0;32m  OK  [0m] Reached target Paths.
cloud-init[1022]: ci-info: +++++++++++++++++++++++++++Route IPv4 info++++++++++++++++++++++++++++
[   28.512448] [cloud-init[0;32m  OK  [0m[1022]: ] ci-info: +-------+-------------+----------+---------------+-----------+-------+Listening on D-Bus System Message Bus Socket.

[[0;32m  OK  [0m] Listening on ACPID Listen Socket.
[   28.512931] cloud-init[1022]: ci-info: | Route | Destination | Gateway  |    Genmask    | Interface | Flags |
[   28.780651] [cloud-init[0;32m  OK  [0m[1022]: ] ci-info: +-------+-------------+----------+---------------+-----------+-------+Listening on Socket activation for snappy daemon.

[[0;32m  OK  [0m] Listening on LXD - unix socket.
[[0;32m  OK  [0m] Started iSCSI initiator daemon (iscsid).
[   28.781415] cloud-init[1022]: ci-info: |   0   |   0.0.0.0   | 10.0.2.2 |    0.0.0.0    |   enp0s3  |   UG  |
[   29.056508]          cloud-initStarting Login to default iSCSI targets...[1022]: 
ci-info: |   1   |   10.0.2.0  | 0.0.0.0  | 255.255.255.0 |   enp0s3  |   U   |
[   29.128291] [cloud-init[0;32m  OK  [0m[1022]: ] ci-info: +-------+-------------+----------+---------------+-----------+-------+Reached target Sockets.

[[0;32m  OK  [0m] Reached target Basic System.
[   29.128778] cloud-init[1022]: Generating public/private rsa key pair.
[   29.324860]          cloud-initStarting LSB: MD monitoring daemon...[1022]: 
Your identification has been saved in /etc/ssh/ssh_host_rsa_key.
[   29.448695]          cloud-initStarting LSB: Record successful boot for GRUB...[1022]: 
Your public key has been saved in /etc/ssh/ssh_host_rsa_key.pub.
[   29.481586] cloud-init         Starting Accounts Service...
[1022]: The key fingerprint is:
[   29.492412]          Starting System Logging Service...
cloud-init[1022]: SHA256:zU8f+3Jo1qXjbMVxbXtfffAicFZjpOkv9nsZ+rJkR6w root@ubuntu-xenial
[   29.548932] [cloud-init[0;32m  OK  [0m[1022]: ] The key's randomart image is:Started Regular background program processing daemon.

[   29.549721] cloud-init[1022]: +---[RSA 2048]----+
[   29.688488]          cloud-initStarting Login Service...[1022]: 
|             ..  |
[   29.748293]          cloud-initStarting Pollinate to seed the pseudo random number generator...[1022]: 
|             o+  |
[[0;32m  OK  [0m] Started FUSE filesystem for LXC.
[   29.801274] cloud-init[1022]: |            oo ..|
[   29.827991] [[0;32m  OK  [0m] Started D-Bus System Message Bus.
cloud-init[1022]: |         o..o o.+|
         Starting Apply the settings specified in cloud-config...
[   29.831002] cloud-init[1022]: |        S o+o .B=|
[   29.908298] cloud-init[1022]: |           o.o+=X|
         Starting LXD - container startup/shutdown...
[   29.938523] cloud-init[1022]: |            +E=BO|
[[0;32m  OK  [0m] Started Deferred execution scheduler.
[   30.006550] cloud-init[1022]: |           .o*Xo=|
[   30.072652] cloud-init[1022]: |             *OB.|
         Starting /etc/rc.local Compatibility...
[   30.103305] cloud-init[1022]: +----[SHA256]-----+
[[0;32m  OK  [0m] Started ACPI event daemon.
[   30.182698] cloud-init[1022]: Generating public/private dsa key pair.
[   30.254038] cloud-init[1022]: Your identification has been saved in /etc/ssh/ssh_host_dsa_key.
[   30.254265] cloud-init[1022]: Your public key has been saved in /etc/ssh/ssh_host_dsa_key.pub.
[[0;32m  OK  [0m] Started Snappy daemon.
[   30.254440] cloud-init[1022]: The key fingerprint is:
[   30.444382] cloud-init[1022]: SHA256:8u8b8nZLPW3nwHt3OFNMAe3HMHqvZOoKXmRhYkuWwGw root@ubuntu-xenial
[   30.444611] cloud-init[1022]: The key's randomart image is:
         Starting Auto import assertions from block devices...
[   30.444807] cloud-init[1022]: +---[DSA 1024]----+
[   30.532593] cloud-init[1022]: |     o.      .o  |
[   30.532761] cloud-init[1022]: |      E. .    oo |
[[0;32m  OK  [0m] Started System Logging Service.
[   30.532866] cloud-init[1022]: |     .  * o  ..+.|
[   30.644301] cloud-init[1022]: |       + + .. ..+|
[   30.644505] cloud-init[1022]: |      . S o  . +.|
[[0;32m  OK  [0m] Started Pollinate to seed the pseudo random number generator.
[   30.644602] cloud-init[1022]: |       o o   oo.+|
[   30.697781] cloud-init[1022]: |        + o .+=++|
[   30.698026] cloud-init[1022]: |       . *.oo =*=|
[   30.698144] cloud-init[1022]: |        .o*=o..++|
[   30.698251] cloud-init[1022]: +----[SHA256]-----+
[   30.698362] cloud-init[1022]: Generating public/private ecdsa key pair.
[   30.698477] cloud-init[1022]: Your identification has been saved in /etc/ssh/ssh_host_ecdsa_key.
[   30.698591] cloud-init[1022]: Your public key has been saved in /etc/ssh/ssh_host_ecdsa_key.pub.
[   30.698705] cloud-init[1022]: The key fingerprint is:
[   30.698818] cloud-init[1022]: SHA256:u0MsQKyh5Ff0MYqLUubOXUO9Zr+8ikUW1mod5mAyJ7Y root@ubuntu-xenial
[   30.698930] cloud-init[1022]: The key's randomart image is:
[   30.699045] cloud-init[1022]: +---[ECDSA 256]---+
[   30.699167] cloud-init[1022]: |   ... o         |
[   30.699273] cloud-init[1022]: | .. +.o.o.       |
[   30.699385] cloud-init[1022]: |o.o=..*.B +      |
[   30.699511] cloud-init[1022]: |.=o.oo O O .     |
[   30.699614] cloud-init[1022]: |..o. .E.S o      |
[   30.699728] cloud-init[1022]: |.o . ..Boo       |
[   30.699839] cloud-init[1022]: |  o .  oo .      |
[[0;32m  OK  [0m] Started LXD - container startup/shutdown.
[   30.699952] cloud-init[1022]: |       o.o .     |
[   31.064515] cloud-init[1022]: |      . oo+.     |
[   31.064746] cloud-init[1022]: +----[SHA256]-----+
[   31.064887] cloud-init[1022]: Generating public/private ed25519 key pair.
[[0;32m  OK  [0m] Started /etc/rc.local Compatibility.
[   31.064920] cloud-init[1022]: Your identification has been saved in /etc/ssh/ssh_host_ed25519_key.
[   31.244493] cloud-init[1022]: Your public key has been saved in /etc/ssh/ssh_host_ed25519_key.pub.
[   31.244778] cloud-init[1022]: The key fingerprint is:
[[0;32m  OK  [0m] Started Auto import assertions from block devices.
[   31.244979] cloud-init[1022]: SHA256:iipycedwLTSLEYcaVIU60UVwX9LaD6t/EDr764V7yWw root@ubuntu-xenial
[   31.412255] cloud-init[1022]: The key's randomart image is:
[   31.412516] cloud-init[1022]: +--[ED25519 256]--+
[[0;32m  OK  [0m] Started LSB: MD monitoring daemon.
[   31.412677] cloud-init[1022]: | ..ooB= ...      |
[   31.513219] cloud-init[1022]: |  o =... o.      |
[   31.514139] cloud-init[1022]: |   = o  .o       |
[   31.515053] cloud-init[1022]: |  + . o . +      |
[   31.515829] cloud-init[1022]: |   . + +S. =     |
[[   31.528316] cloud-init[1022]: |  . +.=.+ o..    |
[   31.528766] cloud-init[1022]: |   o.=.. +.+..   |
[   31.528850] cloud-init[1022]: |o ..  . o  oE    |
[0;32m  OK  [0m[   31.528880] cloud-init[1022]: |.o.      +*=     |
] Started Login to default iSCSI targets.
[   31.528927] cloud-init[1022]: +----[SHA256]-----+
[[0;32m  OK  [0m] Started LSB: Record successful boot for GRUB.
[   31.704485] cloud-init[1188]: Generating locales (this might take a while)...
[   31.792396] cloud-init[1188]:   en_US.UTF-8... done
[   31.792619] cloud-init[1188]: Generation complete.
[[0;32m  OK  [0m] Started Login Service.
         Starting Authenticate and Authorize Users to Run Privileged Tasks...
[[0;32m  OK  [0m] Reached target Remote File Systems (Pre).
[[0;32m  OK  [0m] Reached target Remote File Systems.
         Starting LSB: daemon to balance interrupts for SMP systems...
         Starting LSB: Set the CPU Frequency Scaling governor to "ondemand"...
         Starting LSB: automatic crash report generation...
         Starting LSB: VirtualBox Linux Additions...
         Starting Permit User Sessions...
[[0;32m  OK  [0m] Stopped OpenBSD Secure Shell server.
         Starting OpenBSD Secure Shell server...
[[0;32m  OK  [0m] Started OpenBSD Secure Shell server.
[[0;32m  OK  [0m] Started Permit User Sessions.
[[0;32m  OK  [0m] Started Authenticate and Authorize Users to Run Privileged Tasks.
[[0;32m  OK  [0m] Started Accounts Service.
[[0;32m  OK  [0m] Started LSB: Set the CPU Frequency Scaling governor to "ondemand".
[[0;32m  OK  [0m] Started LSB: daemon to balance interrupts for SMP systems.
[[0;32m  OK  [0m] Started LSB: automatic crash report generation.
[[0;32m  OK  [0m] Created slice User Slice of ubuntu.
[   32.613819] cloud-init[1188]: Cloud-init v. 0.7.9 running 'modules:config' at Mon, 13 Mar 2017 03:41:15 +0000. Up 30.12 seconds.
         Starting Hold until boot process finishes up...
         Starting Terminate Plymouth Boot Screen...
[[0;32m  OK  [0m] Started Apply the settings specified in cloud-config.
[[0;32m  OK  [0m] Started LSB: VirtualBox Linux Additions.
[[0;32m  OK  [0m] Started Hold until boot process finishes up.
[[0;32m  OK  [0m] Started Terminate Plymouth Boot Screen.
         Starting User Manager for UID 1000...
[[0;32m  OK  [0m] Started Getty on tty1.
         Starting Set console scheme...
[[0;32m  OK  [0m] Started Serial Getty on ttyS0.
[[0;32m  OK  [0m] Reached target Login Prompts.
[[0;32m  OK  [0m] Reached target Multi-User System.
[[0;32m  OK  [0m] Reached target Graphical Interface.
         Starting Update UTMP about System Runlevel Changes...
         Starting Execute cloud user/final scripts...
[[0;32m  OK  [0m] Started User Manager for UID 1000.
[[0;32m  OK  [0m] Started Set console scheme.
[[0;32m  OK  [0m] Started Update UTMP about System Runlevel Changes.
[[0;32m  OK  [0m] Started Session 1 of user ubuntu.
ci-info: no authorized ssh keys fingerprints found for user ubuntu.
<14>Mar 13 03:41:19 ec2: 
<14>Mar 13 03:41:19 ec2: #############################################################
<14>Mar 13 03:41:19 ec2: -----BEGIN SSH HOST KEY FINGERPRINTS-----
<14>Mar 13 03:41:19 ec2: 1024 SHA256:8u8b8nZLPW3nwHt3OFNMAe3HMHqvZOoKXmRhYkuWwGw root@ubuntu-xenial (DSA)
<14>Mar 13 03:41:19 ec2: 256 SHA256:u0MsQKyh5Ff0MYqLUubOXUO9Zr+8ikUW1mod5mAyJ7Y root@ubuntu-xenial (ECDSA)
<14>Mar 13 03:41:19 ec2: 256 SHA256:iipycedwLTSLEYcaVIU60UVwX9LaD6t/EDr764V7yWw root@ubuntu-xenial (ED25519)
<14>Mar 13 03:41:19 ec2: 2048 SHA256:zU8f+3Jo1qXjbMVxbXtfffAicFZjpOkv9nsZ+rJkR6w root@ubuntu-xenial (RSA)
<14>Mar 13 03:41:19 ec2: -----END SSH HOST KEY FINGERPRINTS-----
<14>Mar 13 03:41:19 ec2: #############################################################
-----BEGIN SSH HOST KEY KEYS-----
ecdsa-sha2-nistp256 AAAAE2VjZHNhLXNoYTItbmlzdHAyNTYAAAAIbmlzdHAyNTYAAABBBFlvTTr17zXL6AYCD/FGfcya8S4qDXzL+XCm14r0XnQSQr8+p3m088k/UnLHxm7nYjT98mLDAHfWs1t18PQRLFg= root@ubuntu-xenial
ssh-ed25519 AAAAC3NzaC1lZDI1NTE5AAAAIBFPHimhABM2nbUZ575jDQbqxfod0WqwdbINybbmnh6L root@ubuntu-xenial
ssh-rsa AAAAB3NzaC1yc2EAAAADAQABAAABAQChnhEfexM0tV60nfuVZzltxNtiWWNLYT0R7M5tT4zkJSE2IYPe68u6u/WahuFCM4Pm4KcviujXJZRCHa/FJymygbYX+N7KXSa5TSqWmkn9e4tb+rjoCh0BiqyZcWd9fzVO10IAuteAm/5HkksdSawJbQACQGXBCXPQjXd5Or8uu00ce8eDz84HV4OeY37Yj4cvUXGvfQ/z7zs2YSxbLAhJL80IAJVCm8gKfp4vSi/fbaD5QeTG2Q2tvVOjwvpuK84ULO7dutvdOrJnaRBa8EdyYEA00Rpa0AsLxUtjxFlkuckSsIItCorXDtDCHNwlxvzOR2HBmowWJ0T/+TNoYEWd root@ubuntu-xenial
-----END SSH HOST KEY KEYS-----
[   34.637253] cloud-init[1384]: Cloud-init v. 0.7.9 running 'modules:final' at Mon, 13 Mar 2017 03:41:19 +0000. Up 33.63 seconds.
[   34.708439] cloud-init[1384]: ci-info: no authorized ssh keys fingerprints found for user ubuntu.
[   34.773872] cloud-init[1384]: Cloud-init v. 0.7.9 finished at Mon, 13 Mar 2017 03:41:20 +0000. Datasource DataSourceNoCloud [seed=/dev/sdb][dsmode=net].  Up 34.63 seconds
[[0;32m  OK  [0m] Started Execute cloud user/final scripts.
[[0;32m  OK  [0m] Started Session 2 of user ubuntu.
[[0;32m  OK  [0m] Reached target Cloud-init target.

Ubuntu 16.04.2 LTS ubuntu-xenial ttyS0

ubuntu-xenial login: 